// Jest Snapshot v1, https://goo.gl/fbAQLP

exports[`<HowSection/> should render without crashing 1`] = `
<section
  id="how-section"
>
  <div
    className="card-container"
  >
    <Card
      desc="...but powerful"
      img="fakeimg.jpg"
      key="0"
      name="simple"
    />
    <Card
      desc="There when you need it"
      img="fakeimg.jpb"
      key="1"
      name="reliable"
    />
    <Card
      desc="Without compromises"
      img="fakeimg.jpg"
      key="2"
      name="safe"
    />
    <Card
      desc="Designed with speed in mind"
      img="fakeimg.jpg"
      key="3"
      name="fast"
    />
  </div>
</section>
`;
