// Jest Snapshot v1, https://goo.gl/fbAQLP

exports[`<LandingPage/> should render without crashing 1`] = `
<div
  className="landing-page"
>
  <HeroArea />
  <HowSection
    cardData={
      Array [
        Object {
          "desc": "...but powerful",
          "img": "images/atom.svg",
          "name": "simple",
        },
        Object {
          "desc": "There when you need it",
          "img": "images/handshake.svg",
          "name": "reliable",
        },
        Object {
          "desc": "Without compromises",
          "img": "images/padlock.svg",
          "name": "safe",
        },
        Object {
          "desc": "Designed with speed in mind",
          "img": "images/rocket.svg",
          "name": "fast",
        },
      ]
    }
  />
  <AboutSection />
  <Footer
    footerData={
      Array [
        Object {
          "link": "/sign-up",
          "name": "Start here",
        },
        Object {
          "link": "/sign-in",
          "name": "Sign in",
        },
        Object {
          "link": "https://developer.bestbuy.com/api-status",
          "name": "Official Best Buy API Status",
        },
      ]
    }
  />
</div>
`;
