// Jest Snapshot v1, https://goo.gl/fbAQLP

exports[`<ForgotPassword/> should render without crashing 1`] = `
<section
  id="forgot-password-wrapper"
>
  <LoadingIndicator
    message="One moment please."
    waiting={false}
  />
  <div
    className="show bg-white-darkest mx-auto shadow-lg rounded-b"
    id="forgot-password-card"
  >
    <Form
      fieldDefaults={
        Array [
          Array [
            "employeeIdInput",
            Object {
              "validationFn": [Function],
            },
          ],
        ]
      }
      id="forgot-password"
      onFormSubmit={[Function]}
      render={[Function]}
    />
  </div>
</section>
`;
