// Jest Snapshot v1, https://goo.gl/fbAQLP

exports[`DUMB <ForgotPassword/> should render without crashing 1`] = `
<section
  id="forgot-password-wrapper"
>
  <LoadingIndicator
    message="One moment please."
    waiting={false}
  />
  <div
    className="show"
    id="forgot-password-card"
  >
    <form
      aria-labelledby="forgot-password"
      onSubmit={[Function]}
    >
      <fieldset>
        <legend
          id="forgot-password"
        >
          Forgot password
        </legend>
        <div
          className="input-wrapper"
        >
          <Input
            id="employeeNumberInput"
            inputRef={
              Object {
                "current": null,
              }
            }
            label="Employee Number"
            type="text"
          />
          <span
            className="focus-border"
          />
        </div>
        <button
          type="submit"
        >
          Reset Password
        </button>
      </fieldset>
    </form>
  </div>
</section>
`;
