// Jest Snapshot v1, https://goo.gl/fbAQLP

exports[`DUMB <ForgotPassword/> should render without crashing 1`] = `
<section
  id="forgot-password-wrapper"
>
  <LoadingIndicator
    message="One moment please."
    waiting={false}
  />
  <div
    className="show"
    id="forgot-password-card"
  >
    <h1>
      Forgot password
    </h1>
    <form>
      <FormInput
        key="0"
        label="Employee Number"
        name="employeeNumber"
        type="text"
      />
      <button
        disabled={true}
        type="submit"
      >
        Reset Password
      </button>
    </form>
  </div>
</section>
`;
