// Jest Snapshot v1, https://goo.gl/fbAQLP

exports[`<App/> should render without crashing 1`] = `
<Switch>
  <Route
    component={[Function]}
    exact={true}
    path="/"
  />
  <Route
    component={[Function]}
    exact={true}
    path="/sign-up"
  />
  <Route
    component={[Function]}
    exact={true}
    path="/sign-in"
  />
  <Route
    component={[Function]}
    exact={true}
    path="/dashboard"
  />
  <Route
    component={[Function]}
    exact={true}
    path="/forgot-password"
  />
  <Route
    component={[Function]}
    exact={true}
    path="/reset-password/"
  />
  <Route
    component={[Function]}
    path="/verify-email"
  />
  <Route
    component={[Function]}
  />
</Switch>
`;
