// Jest Snapshot v1, https://goo.gl/fbAQLP

exports[`DUMB <SearchBar/> should render without crashing 1`] = `
<section
  id="search-section"
>
  <div
    id="last-time-saved"
  >
    <p>
      Last saved at: 
    </p>
  </div>
  <input
    id="upcInput"
    maxLength={12}
    name="upc"
    onChange={[Function]}
    pattern="\\\\d"
    placeholder="upc"
    value=""
  />
  <div
    id="last-item-scanned"
  >
    <p>
      Last item scanned
    </p>
    <p
      className="upc"
    >
      UPC: 
      123456789632
    </p>
  </div>
</section>
`;
