// Jest Snapshot v1, https://goo.gl/fbAQLP

exports[`<Footer/> should render without crashing 1`] = `
<footer>
  <ul>
    <li
      key="0"
    >
      <Link
        replace={false}
        to="https://developer.bestbuy.com/api-status"
      >
        Official Best Buy API Status
      </Link>
    </li>
    <li
      key="1"
    >
      <Link
        replace={false}
        to="/sign-up"
      >
        Sign up
      </Link>
    </li>
    <li
      key="2"
    >
      <a
        href="/sign-in"
        target="_blank"
      >
        Sign in
      </a>
    </li>
    <li>
      <a
        href="https://github.com/chrstntdd"
        target="_blank"
      >
        Created by Christian Todd
      </a>
    </li>
  </ul>
</footer>
`;
