// Jest Snapshot v1, https://goo.gl/fbAQLP

exports[`<HeroArea/> should render without crashing 1`] = `
<section
  id="hero-atf"
>
  <div
    className="button-container"
  >
    <Link
      id="sign-up-button"
      replace={false}
      to="/sign-up"
    >
      <button
        id="btn-signup"
      >
        Sign Up
      </button>
    </Link>
    <Link
      id="sign-in-button"
      replace={false}
      to="/sign-in"
    >
      <button
        id="btn-signin"
      >
        Sign In
      </button>
    </Link>
  </div>
  <div
    className="hero-img"
  />
  <div
    className="hero-content"
  >
    <h1>
      Quantified
    </h1>
    <h2>
      A streamlined system for efficiently and accurately managing retail inventory.
    </h2>
  </div>
</section>
`;
