// Jest Snapshot v1, https://goo.gl/fbAQLP

exports[`DUMB <Login/> should render without crashing 1`] = `
<main
  id="login-wrapper"
>
  <LoadingIndicator
    message="Signing you in now. Please wait."
    waiting={false}
  />
  <h1
    className="text-4xl text-bby-blue text-center mx-auto"
  >
    Welcome to Quantified
  </h1>
  <div
    className="show bg-white-darkest mx-auto max-w-sm shadow-lg rounded-b overflow-hidden flex flex-col items-center justify-center"
    id="login-card"
  >
    <Connect(SignInForm)
      id="sign-in"
      legendText="Sign In"
    />
    <Link
      className="blue-accent hover:text-bby-blue no-underline"
      replace={false}
      to="/forgot-password"
    >
      Forgot password?
    </Link>
    <Link
      className="blue-accent hover:text-bby-blue no-underline"
      replace={false}
      to="/sign-up"
    >
      Sign Up
    </Link>
    <p>
      Just testing? Use the temporary credentials below.
    </p>
  </div>
  <div
    className="test-credentials"
  >
    <p>
      <span>
        Employee Number
      </span>
      : a1
    </p>
    <p>
      <span>
        Password
      </span>
      : testtesttest
    </p>
  </div>
</main>
`;
